exports[`test Modal - Should render contents when open 1`] = `
<div
  className="modal"
  onClick={undefined}>
  <div
    className="modal__content"
    onClick={[Function]}>
    <div
      className="modal__content__header">
      <button
        className="i-cross modal__dismiss"
        onClick={undefined}>
        Close
      </button>
    </div>
    <div>
      Modal Contents
    </div>
  </div>
</div>
`;

exports[`test Modal - Should render null when closed 1`] = `null`;
