exports[`test Should render 1`] = `
<div
  className="form__row">
  <label
    className="form__label"
    htmlFor="test">
    test
  </label>
  <div
    className="form__group form__group--radio">
    <input
      checked={false}
      className="form__radio-btn"
      name="test"
      onChange={[Function]}
      type="radio"
      value="One" />
    <span
      className="form__label form__label--radio">
      One
    </span>
  </div>
  <div
    className="form__group form__group--radio">
    <input
      checked={false}
      className="form__radio-btn"
      name="test"
      onChange={[Function]}
      type="radio"
      value="Two" />
    <span
      className="form__label form__label--radio">
      Two
    </span>
  </div>
</div>
`;
