exports[`test Should render 1`] = `
<div>
  <label
    className="form__label"
    htmlFor="test">
    test
  </label>
  <select
    className="form__field form__field--select"
    onChange={[Function]}
    value="test">
    <option
      value="test">
      test
    </option>
    <option
      value="test1">
      test1
    </option>
  </select>
  <div />
</div>
`;
