exports[`test Should render 1`] = `
<div
  className="form__group form__group--checkbox">
  <label
    className="form__label"
    htmlFor="test">
    test
  </label>
  <input
    checked={true}
    className="form__checkbox"
    name="test"
    onChange={[Function]}
    type="checkbox"
    value={true} />
  <div />
</div>
`;
